[0.065s] DEBUG:colcon:Command line arguments: ['/usr/bin/colcon', 'build', '--symlink-install', '--base-paths', '.worktrees/dash1b', '--build-base', '.worktrees/dash1b/build', '--cmake-args', '-DCMAKE_EXPORT_COMPILE_COMMANDS=ON', '--packages-select', 'mj_kdl_wrapper']
[0.065s] DEBUG:colcon:Parsed command line arguments: Namespace(log_base=None, log_level=None, verb_name='build', build_base='/home/batsy/work/ms/.worktrees/dash1b/mj_kdl_wrapper/.worktrees/dash1b/build', install_base='install', merge_install=False, symlink_install=True, test_result_base=None, continue_on_error=False, executor='parallel', parallel_workers=24, event_handlers=None, ignore_user_meta=False, metas=['./colcon.meta'], base_paths=['.worktrees/dash1b'], packages_ignore=None, packages_ignore_regex=None, paths=None, packages_up_to=None, packages_up_to_regex=None, packages_above=None, packages_above_and_dependencies=None, packages_above_depth=None, packages_select_by_dep=None, packages_skip_by_dep=None, packages_skip_up_to=None, packages_select_build_failed=False, packages_skip_build_finished=False, packages_select_test_failures=False, packages_skip_test_passed=False, packages_select=['mj_kdl_wrapper'], packages_skip=None, packages_select_regex=None, packages_skip_regex=None, packages_start=None, packages_end=None, allow_overriding=[], cmake_args=['-DCMAKE_EXPORT_COMPILE_COMMANDS=ON'], cmake_target=None, cmake_target_skip_unavailable=False, cmake_clean_cache=False, cmake_clean_first=False, cmake_force_configure=False, ament_cmake_args=None, catkin_cmake_args=None, catkin_skip_building_tests=False, mixin_files=None, mixin=None, verb_parser=<colcon_mixin.mixin.mixin_argument.MixinArgumentDecorator object at 0x7bd7ab5861e0>, verb_extension=<colcon_core.verb.build.BuildVerb object at 0x7bd7ab585e50>, main=<bound method BuildVerb.main of <colcon_core.verb.build.BuildVerb object at 0x7bd7ab585e50>>, mixin_verb=('build',))
[0.086s] Level 1:colcon.colcon_core.package_discovery:discover_packages(colcon_meta) check parameters
[0.086s] Level 1:colcon.colcon_core.package_discovery:discover_packages(recursive) check parameters
[0.086s] Level 1:colcon.colcon_core.package_discovery:discover_packages(ignore) check parameters
[0.086s] Level 1:colcon.colcon_core.package_discovery:discover_packages(path) check parameters
[0.086s] Level 1:colcon.colcon_core.package_discovery:discover_packages(recursive) discover
[0.086s] INFO:colcon.colcon_core.package_discovery:Crawling recursively for packages in '/home/batsy/work/ms/.worktrees/dash1b/mj_kdl_wrapper/.worktrees/dash1b'
[0.086s] Level 1:colcon.colcon_core.package_identification:_identify(.worktrees/dash1b) by extensions ['ignore', 'ignore_ament_install']
[0.086s] Level 1:colcon.colcon_core.package_identification:_identify(.worktrees/dash1b) by extension 'ignore'
[0.086s] Level 1:colcon.colcon_core.package_identification:_identify(.worktrees/dash1b) by extension 'ignore_ament_install'
[0.086s] Level 1:colcon.colcon_core.package_identification:_identify(.worktrees/dash1b) by extensions ['colcon_pkg']
[0.086s] Level 1:colcon.colcon_core.package_identification:_identify(.worktrees/dash1b) by extension 'colcon_pkg'
[0.086s] Level 1:colcon.colcon_core.package_identification:_identify(.worktrees/dash1b) by extensions ['colcon_meta']
[0.086s] Level 1:colcon.colcon_core.package_identification:_identify(.worktrees/dash1b) by extension 'colcon_meta'
[0.086s] Level 1:colcon.colcon_core.package_identification:_identify(.worktrees/dash1b) by extensions ['ros']
[0.086s] Level 1:colcon.colcon_core.package_identification:_identify(.worktrees/dash1b) by extension 'ros'
[0.099s] Level 1:colcon.colcon_core.package_identification:_identify(.worktrees/dash1b) by extensions ['cmake', 'python']
[0.099s] Level 1:colcon.colcon_core.package_identification:_identify(.worktrees/dash1b) by extension 'cmake'
[0.099s] Level 1:colcon.colcon_core.package_identification:_identify(.worktrees/dash1b) by extension 'python'
[0.099s] Level 1:colcon.colcon_core.package_identification:_identify(.worktrees/dash1b) by extensions ['python_setup_py']
[0.099s] Level 1:colcon.colcon_core.package_identification:_identify(.worktrees/dash1b) by extension 'python_setup_py'
[0.100s] Level 1:colcon.colcon_core.package_identification:_identify(.worktrees/dash1b/build) by extensions ['ignore', 'ignore_ament_install']
[0.100s] Level 1:colcon.colcon_core.package_identification:_identify(.worktrees/dash1b/build) by extension 'ignore'
[0.100s] Level 1:colcon.colcon_core.package_identification:_identify(.worktrees/dash1b/build) ignored
[0.100s] Level 1:colcon.colcon_core.package_discovery:discover_packages(recursive) using defaults
[0.100s] WARNING:colcon.colcon_core.package_selection:ignoring unknown package 'mj_kdl_wrapper' in --packages-select
[0.110s] Level 1:colcon.colcon_core.package_discovery:discover_packages(prefix_path) check parameters
[0.110s] Level 1:colcon.colcon_core.package_discovery:discover_packages(prefix_path) discover
[0.110s] Level 1:colcon.colcon_core.package_discovery:discover_packages(prefix_path) using defaults
[0.110s] INFO:colcon.colcon_core.executor:Executing jobs using 'parallel' executor
[0.111s] DEBUG:colcon.colcon_parallel_executor.executor.parallel:run_until_complete
[0.111s] DEBUG:colcon.colcon_parallel_executor.executor.parallel:closing loop
[0.111s] DEBUG:colcon.colcon_parallel_executor.executor.parallel:loop closed
[0.111s] DEBUG:colcon.colcon_parallel_executor.executor.parallel:run_until_complete finished with '0'
[0.111s] DEBUG:colcon.colcon_core.event_reactor:joining thread
[0.114s] INFO:colcon.colcon_core.plugin_system:Skipping extension 'colcon_notification.desktop_notification.terminal_notifier': Not used on non-Darwin systems
[0.114s] INFO:colcon.colcon_core.plugin_system:Skipping extension 'colcon_notification.desktop_notification.win32': Not used on non-Windows systems
[0.114s] INFO:colcon.colcon_notification.desktop_notification:Sending desktop notification using 'notify2'
[0.121s] DEBUG:colcon.colcon_core.event_reactor:joined thread
[0.122s] INFO:colcon.colcon_core.plugin_system:Skipping extension 'colcon_core.shell.bat': Not used on non-Windows systems
[0.122s] INFO:colcon.colcon_core.shell:Creating prefix script '/home/batsy/work/ms/.worktrees/dash1b/mj_kdl_wrapper/install/local_setup.ps1'
[0.122s] INFO:colcon.colcon_core.shell:Creating prefix util module '/home/batsy/work/ms/.worktrees/dash1b/mj_kdl_wrapper/install/_local_setup_util_ps1.py'
[0.123s] INFO:colcon.colcon_core.shell:Creating prefix chain script '/home/batsy/work/ms/.worktrees/dash1b/mj_kdl_wrapper/install/setup.ps1'
[0.123s] INFO:colcon.colcon_core.shell:Creating prefix script '/home/batsy/work/ms/.worktrees/dash1b/mj_kdl_wrapper/install/local_setup.sh'
[0.123s] INFO:colcon.colcon_core.shell:Creating prefix util module '/home/batsy/work/ms/.worktrees/dash1b/mj_kdl_wrapper/install/_local_setup_util_sh.py'
[0.123s] INFO:colcon.colcon_core.shell:Creating prefix chain script '/home/batsy/work/ms/.worktrees/dash1b/mj_kdl_wrapper/install/setup.sh'
[0.124s] INFO:colcon.colcon_core.shell:Creating prefix script '/home/batsy/work/ms/.worktrees/dash1b/mj_kdl_wrapper/install/local_setup.bash'
[0.124s] INFO:colcon.colcon_core.shell:Creating prefix chain script '/home/batsy/work/ms/.worktrees/dash1b/mj_kdl_wrapper/install/setup.bash'
[0.124s] INFO:colcon.colcon_core.shell:Creating prefix script '/home/batsy/work/ms/.worktrees/dash1b/mj_kdl_wrapper/install/local_setup.zsh'
[0.124s] INFO:colcon.colcon_core.shell:Creating prefix chain script '/home/batsy/work/ms/.worktrees/dash1b/mj_kdl_wrapper/install/setup.zsh'
